]0;/home/yeguanhua/R/16S-analysis-visualization(base) ]0;yeguanhua@XBIOME-SERVER-CPU: ~/R/16S-analysis-visualization[01;32myeguanhua@XBIOME-SERVER-CPU[00m:[01;34m~/R/16S-analysis-visualization[00m$ ls
16S-analysis-visualization.Rproj  [0m[01;34mdata[0m  DESCRIPTION  [01;34mman[0m  NAMESPACE  [01;34mR[0m  [01;34mREADME_files[0m  README.md  README.Rmd
]0;/home/yeguanhua/R/16S-analysis-visualization(base) ]0;yeguanhua@XBIOME-SERVER-CPU: ~/R/16S-analysis-visualization[01;32myeguanhua@XBIOME-SERVER-CPU[00m:[01;34m~/R/16S-analysis-visualization[00m$ git status
On branch master
Your branch is up-to-date with 'origin/master'.
Changes not staged for commit:
  (use "git add/rm <file>..." to update what will be committed)
  (use "git checkout -- <file>..." to discard changes in working directory)

	[31mmodified:   DESCRIPTION[m
	[31mmodified:   README.Rmd[m
	[31mdeleted:    data/Shaoyifu_dada2_result.rda[m
	[31mdeleted:    data/Shaoyifu_phyloseq.rda[m

Untracked files:
  (use "git add <file>..." to include in what will be committed)

	[31mREADME.md[m
	[31mREADME_files/[m
	[31mdata/demo_dada2_result.rda[m
	[31mdata/demo_phyloseq_object.rda[m

no changes added to commit (use "git add" and/or "git commit -a")
]0;/home/yeguanhua/R/16S-analysis-visualization(base) ]0;yeguanhua@XBIOME-SERVER-CPU: ~/R/16S-analysis-visualization[01;32myeguanhua@XBIOME-SERVER-CPU[00m:[01;34m~/R/16S-analysis-visualization[00m$ git add .
]0;/home/yeguanhua/R/16S-analysis-visualization(base) ]0;yeguanhua@XBIOME-SERVER-CPU: ~/R/16S-analysis-visualization[01;32myeguanhua@XBIOME-SERVER-CPU[00m:[01;34m~/R/16S-analysis-visualization[00m$ git commit -m ''1'9'0'3'1'2'
[master 156a199] 190312
 Committer: Guanhua Ye <yeguanhua@192.168.0.102>
Your name and email address were configured automatically based
on your username and hostname. Please check that they are accurate.
You can suppress this message by setting them explicitly:

    git config --global user.name "Your Name"
    git config --global user.email you@example.com

After doing this, you may fix the identity used for this commit with:

    git commit --amend --reset-author

 12 files changed, 140 insertions(+), 21 deletions(-)
 create mode 100644 README.md
 create mode 100644 README_files/figure-markdown_github/Bray-Curtis-1.png
 create mode 100644 README_files/figure-markdown_github/Chao1-1.png
 create mode 100644 README_files/figure-markdown_github/Stacked bar plot-1.png
 create mode 100644 README_files/figure-markdown_github/log2fc-1.png
 create mode 100644 README_files/figure-markdown_github/reads track-1.png
 delete mode 100644 data/Shaoyifu_dada2_result.rda
 delete mode 100644 data/Shaoyifu_phyloseq.rda
 create mode 100644 data/demo_dada2_result.rda
 create mode 100644 data/demo_phyloseq_object.rda
]0;/home/yeguanhua/R/16S-analysis-visualization(base) ]0;yeguanhua@XBIOME-SERVER-CPU: ~/R/16S-analysis-visualization[01;32myeguanhua@XBIOME-SERVER-CPU[00m:[01;34m~/R/16S-analysis-visualization[00m$ git push
warning: push.default is unset; its implicit value has changed in
Git 2.0 from 'matching' to 'simple'. To squelch this message
and maintain the traditional behavior, use:

  git config --global push.default matching

To squelch this message and adopt the new behavior now, use:

  git config --global push.default simple

When push.default is set to 'matching', git will push local branches
to the remote branches that already exist with the same name.

Since Git 2.0, Git defaults to the more conservative 'simple'
behavior, which only pushes the current branch to the corresponding
remote branch that 'git pull' uses to update the current branch.

See 'git help config' and search for 'push.default' for further information.
(the 'simple' mode was introduced in Git 1.7.11. Use the similar mode
'current' instead of 'simple' if you sometimes use older versions of Git)

error: cannot run rpostback-askpass: No such file or directory
Username for 'https://github.com': yeguanhuav@hma   gmail.com
error: cannot run rpostback-askpass: No such file or directory
Password for 'https://yeguanhuav@gmail.com@github.com': 
Counting objects: 15, done.
Delta compression using up to 56 threads.
Compressing objects:   7% (1/14)   Compressing objects:  14% (2/14)   Compressing objects:  21% (3/14)   Compressing objects:  28% (4/14)   Compressing objects:  35% (5/14)   Compressing objects:  42% (6/14)   Compressing objects:  50% (7/14)   Compressing objects:  57% (8/14)   Compressing objects:  64% (9/14)   Compressing objects:  71% (10/14)   Compressing objects:  78% (11/14)   Compressing objects:  85% (12/14)   Compressing objects:  92% (13/14)   Compressing objects: 100% (14/14)   Compressing objects: 100% (14/14), done.
Writing objects:   6% (1/15)   Writing objects:  13% (2/15)   Writing objects:  20% (3/15)   Writing objects:  26% (4/15)   Writing objects:  33% (5/15)   Writing objects:  40% (6/15)   Writing objects:  46% (7/15)   Writing objects:  53% (8/15)   Writing objects:  60% (9/15)   Writing objects:  66% (10/15)   Writing objects:  73% (11/15)   Writing objects:  80% (12/15)   Writing objects:  86% (13/15)   Writing objects:  93% (14/15)   Writing objects: 100% (15/15)   Writing objects: 100% (15/15), 328.77 KiB | 0 bytes/s, done.
Total 15 (delta 3), reused 0 (delta 0)
remote: Resolving deltas:   0% (0/3)   [Kremote: Resolving deltas:  33% (1/3)   [Kremote: Resolving deltas:  66% (2/3)   [Kremote: Resolving deltas: 100% (3/3)   [Kremote: Resolving deltas: 100% (3/3), completed with 3 local objects.[K
To https://github.com/yeguanhuav/16S-analysis-visualization.git
   4a30614..156a199  master -> master
]0;/home/yeguanhua/R/16S-analysis-visualization(base) ]0;yeguanhua@XBIOME-SERVER-CPU: ~/R/16S-analysis-visualization[01;32myeguanhua@XBIOME-SERVER-CPU[00m:[01;34m~/R/16S-analysis-visualization[00m$ [K(base) ]0;yeguanhua@XBIOME-SERVER-CPU: ~/R/16S-analysis-visualization[01;32myeguanhua@XBIOME-SERVER-CPU[00m:[01;34m~/R/16S-analysis-visualization[00m$ git add .
]0;/home/yeguanhua/R/16S-analysis-visualization(base) ]0;yeguanhua@XBIOME-SERVER-CPU: ~/R/16S-analysis-visualization[01;32myeguanhua@XBIOME-SERVER-CPU[00m:[01;34m~/R/16S-analysis-visualization[00m$ git commit -m ''1'9'0'3'1'2'
[master b57acf0] 190312
 Committer: Guanhua Ye <yeguanhua@192.168.0.102>
Your name and email address were configured automatically based
on your username and hostname. Please check that they are accurate.
You can suppress this message by setting them explicitly:

    git config --global user.name "Your Name"
    git config --global user.email you@example.com

After doing this, you may fix the identity used for this commit with:

    git commit --amend --reset-author

 2 files changed, 14 insertions(+), 6 deletions(-)
]0;/home/yeguanhua/R/16S-analysis-visualization(base) ]0;yeguanhua@XBIOME-SERVER-CPU: ~/R/16S-analysis-visualization[01;32myeguanhua@XBIOME-SERVER-CPU[00m:[01;34m~/R/16S-analysis-visualization[00m$ git push
warning: push.default is unset; its implicit value has changed in
Git 2.0 from 'matching' to 'simple'. To squelch this message
and maintain the traditional behavior, use:

  git config --global push.default matching

To squelch this message and adopt the new behavior now, use:

  git config --global push.default simple

When push.default is set to 'matching', git will push local branches
to the remote branches that already exist with the same name.

Since Git 2.0, Git defaults to the more conservative 'simple'
behavior, which only pushes the current branch to the corresponding
remote branch that 'git pull' uses to update the current branch.

See 'git help config' and search for 'push.default' for further information.
(the 'simple' mode was introduced in Git 1.7.11. Use the similar mode
'current' instead of 'simple' if you sometimes use older versions of Git)

error: cannot run rpostback-askpass: No such file or directory
Username for 'https://github.com': yeguanhuav@g,a  mail.com
error: cannot run rpostback-askpass: No such file or directory
Password for 'https://yeguanhuav@gmail.com@github.com': 
Counting objects: 4, done.
Delta compression using up to 56 threads.
Compressing objects:  25% (1/4)   Compressing objects:  50% (2/4)   Compressing objects:  75% (3/4)   Compressing objects: 100% (4/4)   Compressing objects: 100% (4/4), done.
Writing objects:  25% (1/4)   Writing objects:  50% (2/4)   Writing objects:  75% (3/4)   Writing objects: 100% (4/4)   Writing objects: 100% (4/4), 543 bytes | 0 bytes/s, done.
Total 4 (delta 3), reused 0 (delta 0)
remote: Resolving deltas:   0% (0/3)   [Kremote: Resolving deltas:  33% (1/3)   [Kremote: Resolving deltas:  66% (2/3)   [Kremote: Resolving deltas: 100% (3/3)   [Kremote: Resolving deltas: 100% (3/3), completed with 3 local objects.[K
To https://github.com/yeguanhuav/16S-analysis-visualization.git
   156a199..b57acf0  master -> master
[K]0;yeguanhua@XBIOME-SERVER-CPU: ~/Repositary/visualization416S[01;32myeguanhua@XBIOME-SERVER-CPU[00m:[01;34m~/Repositary/visualization416S[00m$ git status
On branch master
Your branch is up-to-date with 'origin/master'.
Changes not staged for commit:
  (use "git add/rm <file>..." to update what will be committed)
  (use "git checkout -- <file>..." to discard changes in working directory)

	[31mmodified:   .Rproj.user/E4C83D23/console06/66486EF4[m
	[31mmodified:   .Rproj.user/E4C83D23/console06/INDEX001[m
	[31mdeleted:    .Rproj.user/E4C83D23/sources/per/t/9D3BE401[m
	[31mdeleted:    .Rproj.user/E4C83D23/sources/per/t/9D3BE401-contents[m
	[31mmodified:   .Rproj.user/E4C83D23/sources/prop/INDEX[m
	[31mdeleted:    .Rproj.user/shared/notebooks/EB41CEE7-README/1/E4C83D233c60354f/chunks.json[m
	[31mdeleted:    .Rproj.user/shared/notebooks/EB41CEE7-README/1/s/cb1yovvdxe128/000002.csv[m
	[31mdeleted:    .Rproj.user/shared/notebooks/EB41CEE7-README/1/s/chunks.json[m
	[31mdeleted:    .Rproj.user/shared/notebooks/EB41CEE7-README/1/s/csetup_chunk/000002.csv[m
	[31mmodified:   .Rproj.user/shared/notebooks/paths[m
	[31mmodified:   data/all_distinctive_colors.rda[m

Untracked files:
  (use "git add <file>..." to include in what will be committed)

	[31m.Rbuildignore[m
	[31m.gitignore[m

no changes added to commit (use "git add" and/or "git commit -a")
]0;/home/yeguanhua/Repositary/visualization416S]0;yeguanhua@XBIOME-SERVER-CPU: ~/Repositary/visualization416S[01;32myeguanhua@XBIOME-SERVER-CPU[00m:[01;34m~/Repositary/visualization416S[00m$ ls
[0m[01;34mdata[0m  DESCRIPTION  [01;34mman[0m  NAMESPACE  [01;34mR[0m  [01;34mREADME_files[0m  README.md  README.Rmd  visualization416S.Rproj
]0;/home/yeguanhua/Repositary/visualization416S]0;yeguanhua@XBIOME-SERVER-CPU: ~/Repositary/visualization416S[01;32myeguanhua@XBIOME-SERVER-CPU[00m:[01;34m~/Repositary/visualization416S[00m$ git add .
